[    1741ms] [INFO] %cDownload the React DevTools for a better development experience: https://react.dev/link/react-devtools font-weight:bold @ http://localhost:3000/_next/static/chunks/node_modules_next_dist_1e8vcs8._.js:776
[    1766ms] [LOG] [HMR] connected @ http://localhost:3000/_next/static/chunks/node_modules_next_dist_1e8vcs8._.js:776
[    2079ms] [LOG] [Fast Refresh] rebuilding @ http://localhost:3000/_next/static/chunks/node_modules_next_dist_1e8vcs8._.js:776
[    2109ms] [LOG] %c[Vercel Web Analytics]%c Debug mode is enabled by default in development. No requests will be sent to the server. color: rgb(120, 120, 120) color: inherit @ http://localhost:3000/_next/static/chunks/node_modules_next_dist_1e8vcs8._.js:776
[    2109ms] [LOG] %c[Vercel Web Analytics]%c Running queued event color: rgb(120, 120, 120) color: inherit pageview {route: /purchase/requisition, path: /purchase/requisition} @ http://localhost:3000/_next/static/chunks/node_modules_next_dist_1e8vcs8._.js:776
[    2110ms] [LOG] %c[Vercel Web Analytics]%c Running queued event color: rgb(120, 120, 120) color: inherit pageview {route: /purchase/requisition, path: /purchase/requisition} @ http://localhost:3000/_next/static/chunks/node_modules_next_dist_1e8vcs8._.js:776
[    2110ms] [LOG] %c[Vercel Web Analytics]%c [view] http://localhost:3000/purchase/requisition color: rgb(120, 120, 120) color: inherit {o: http://localhost:3000/purchase/requisition, sv: 0.1.3, sdkn: @vercel/analytics/next, sdkv: 2.0.1, ts: 1789449880984} /_vercel/insights/view @ http://localhost:3000/_next/static/chunks/node_modules_next_dist_1e8vcs8._.js:776
[    2110ms] [LOG] %c[Vercel Web Analytics]%c [view] http://localhost:3000/purchase/requisition color: rgb(120, 120, 120) color: inherit {o: http://localhost:3000/purchase/requisition, sv: 0.1.3, sdkn: @vercel/analytics/next, sdkv: 2.0.1, ts: 1789449880984} /_vercel/insights/view @ http://localhost:3000/_next/static/chunks/node_modules_next_dist_1e8vcs8._.js:776
[    2206ms] [LOG] [Fast Refresh] done in 340ms @ http://localhost:3000/_next/static/chunks/node_modules_next_dist_1e8vcs8._.js:776
[    4006ms] [LOG] [Fast Refresh] rebuilding @ http://localhost:3000/_next/static/chunks/node_modules_next_dist_1e8vcs8._.js:776
[    5553ms] [LOG] [Fast Refresh] done in 1593ms @ http://localhost:3000/_next/static/chunks/node_modules_next_dist_1e8vcs8._.js:776
[    5555ms] [LOG] [Fast Refresh] done in 1593ms @ http://localhost:3000/_next/static/chunks/node_modules_next_dist_1e8vcs8._.js:776
[    5696ms] [LOG] [Fast Refresh] done in 1593ms @ http://localhost:3000/_next/static/chunks/node_modules_next_dist_1e8vcs8._.js:776
[    5929ms] [LOG] [Fast Refresh] rebuilding @ http://localhost:3000/_next/static/chunks/node_modules_next_dist_1e8vcs8._.js:776
[    5985ms] [LOG] [Fast Refresh] done in 156ms @ http://localhost:3000/_next/static/chunks/node_modules_next_dist_1e8vcs8._.js:776
[    6489ms] [LOG] [Fast Refresh] rebuilding @ http://localhost:3000/_next/static/chunks/node_modules_next_dist_1e8vcs8._.js:776
[    6515ms] [LOG] [Fast Refresh] done in 127ms @ http://localhost:3000/_next/static/chunks/node_modules_next_dist_1e8vcs8._.js:776
[   12642ms] [INFO] %cDownload the React DevTools for a better development experience: https://react.dev/link/react-devtools font-weight:bold @ http://localhost:3000/_next/static/chunks/node_modules_next_dist_1e8vcs8._.js:776
[   12679ms] [LOG] [HMR] connected @ http://localhost:3000/_next/static/chunks/node_modules_next_dist_1e8vcs8._.js:776
[   13032ms] [LOG] %c[Vercel Web Analytics]%c Debug mode is enabled by default in development. No requests will be sent to the server. color: rgb(120, 120, 120) color: inherit @ http://localhost:3000/_next/static/chunks/node_modules_next_dist_1e8vcs8._.js:776
[   13032ms] [LOG] %c[Vercel Web Analytics]%c Running queued event color: rgb(120, 120, 120) color: inherit pageview {route: /purchase/requisition, path: /purchase/requisition} @ http://localhost:3000/_next/static/chunks/node_modules_next_dist_1e8vcs8._.js:776
[   13032ms] [LOG] %c[Vercel Web Analytics]%c Running queued event color: rgb(120, 120, 120) color: inherit pageview {route: /purchase/requisition, path: /purchase/requisition} @ http://localhost:3000/_next/static/chunks/node_modules_next_dist_1e8vcs8._.js:776
[   13032ms] [LOG] %c[Vercel Web Analytics]%c [view] http://localhost:3000/purchase/requisition color: rgb(120, 120, 120) color: inherit {o: http://localhost:3000/purchase/requisition, sv: 0.1.3, sdkn: @vercel/analytics/next, sdkv: 2.0.1, ts: 1789449891907} /_vercel/insights/view @ http://localhost:3000/_next/static/chunks/node_modules_next_dist_1e8vcs8._.js:776
[   13032ms] [LOG] %c[Vercel Web Analytics]%c [view] http://localhost:3000/purchase/requisition color: rgb(120, 120, 120) color: inherit {o: http://localhost:3000/purchase/requisition, sv: 0.1.3, sdkn: @vercel/analytics/next, sdkv: 2.0.1, ts: 1789449891907} /_vercel/insights/view @ http://localhost:3000/_next/static/chunks/node_modules_next_dist_1e8vcs8._.js:776
[   15644ms] [LOG] [Fast Refresh] rebuilding @ http://localhost:3000/_next/static/chunks/node_modules_next_dist_1e8vcs8._.js:776
[   17802ms] [LOG] [Fast Refresh] done in 2275ms @ http://localhost:3000/_next/static/chunks/node_modules_next_dist_1e8vcs8._.js:776
[   17927ms] [LOG] %c[Vercel Web Analytics]%c [view] http://localhost:3000/purchase/suppliers color: rgb(120, 120, 120) color: inherit {o: http://localhost:3000/purchase/suppliers, sv: 0.1.3, sdkn: @vercel/analytics/next, sdkv: 2.0.1, ts: 1789449896800} /_vercel/insights/view @ http://localhost:3000/_next/static/chunks/node_modules_next_dist_1e8vcs8._.js:776
[   24294ms] [LOG] [Fast Refresh] rebuilding @ http://localhost:3000/_next/static/chunks/node_modules_next_dist_1e8vcs8._.js:776
[   24342ms] [LOG] [Fast Refresh] done in 148ms @ http://localhost:3000/_next/static/chunks/node_modules_next_dist_1e8vcs8._.js:776
[   37824ms] [LOG] %c[Vercel Web Analytics]%c [view] http://localhost:3000/purchase/order color: rgb(120, 120, 120) color: inherit {o: http://localhost:3000/purchase/order, sv: 0.1.3, sdkn: @vercel/analytics/next, sdkv: 2.0.1, ts: 1789449916698} /_vercel/insights/view @ http://localhost:3000/_next/static/chunks/node_modules_next_dist_1e8vcs8._.js:776
[   38806ms] [LOG] %c[Vercel Web Analytics]%c [view] http://localhost:3000/purchase/requisition color: rgb(120, 120, 120) color: inherit {o: http://localhost:3000/purchase/requisition, sv: 0.1.3, sdkn: @vercel/analytics/next, sdkv: 2.0.1, ts: 1789449917680} /_vercel/insights/view @ http://localhost:3000/_next/static/chunks/node_modules_next_dist_1e8vcs8._.js:776
[   40528ms] [LOG] %c[Vercel Web Analytics]%c [view] http://localhost:3000/purchase/expense color: rgb(120, 120, 120) color: inherit {o: http://localhost:3000/purchase/expense, sv: 0.1.3, sdkn: @vercel/analytics/next, sdkv: 2.0.1, ts: 1789449919378} /_vercel/insights/view @ http://localhost:3000/_next/static/chunks/node_modules_next_dist_1e8vcs8._.js:776
[   43122ms] [LOG] %c[Vercel Web Analytics]%c [view] http://localhost:3000/purchase/expense/create color: rgb(120, 120, 120) color: inherit {o: http://localhost:3000/purchase/expense/create, sv: 0.1.3, sdkn: @vercel/analytics/next, sdkv: 2.0.1, ts: 1789449921911} /_vercel/insights/view @ http://localhost:3000/_next/static/chunks/node_modules_next_dist_1e8vcs8._.js:776
[   50850ms] [LOG] %c[Vercel Web Analytics]%c [view] http://localhost:3000/purchase/order color: rgb(120, 120, 120) color: inherit {o: http://localhost:3000/purchase/order, sv: 0.1.3, sdkn: @vercel/analytics/next, sdkv: 2.0.1, ts: 1789449929724} /_vercel/insights/view @ http://localhost:3000/_next/static/chunks/node_modules_next_dist_1e8vcs8._.js:776
[   51927ms] [LOG] %c[Vercel Web Analytics]%c [view] http://localhost:3000/purchase/requisition color: rgb(120, 120, 120) color: inherit {o: http://localhost:3000/purchase/requisition, sv: 0.1.3, sdkn: @vercel/analytics/next, sdkv: 2.0.1, ts: 1789449930801} /_vercel/insights/view @ http://localhost:3000/_next/static/chunks/node_modules_next_dist_1e8vcs8._.js:776
[   52982ms] [LOG] %c[Vercel Web Analytics]%c [view] http://localhost:3000/purchase/expense color: rgb(120, 120, 120) color: inherit {o: http://localhost:3000/purchase/expense, sv: 0.1.3, sdkn: @vercel/analytics/next, sdkv: 2.0.1, ts: 1789449931740} /_vercel/insights/view @ http://localhost:3000/_next/static/chunks/node_modules_next_dist_1e8vcs8._.js:776
[   68950ms] [LOG] [Fast Refresh] rebuilding @ http://localhost:3000/_next/static/chunks/node_modules_next_dist_1e8vcs8._.js:776
[   69561ms] [LOG] [Fast Refresh] done in 721ms @ http://localhost:3000/_next/static/chunks/node_modules_next_dist_1e8vcs8._.js:776
[   82379ms] [LOG] %c[Vercel Web Analytics]%c [view] http://localhost:3000/purchase/expense/create?id=EXP-000001-2082%2F83 color: rgb(120, 120, 120) color: inherit {o: http://localhost:3000/purchase/expense/create?id=EXP-000001-2082%2F83, sv: 0.1.3, sdkn: @vercel/analytics/next, sdkv: 2.0.1, ts: 1789449961211} /_vercel/insights/view @ http://localhost:3000/_next/static/chunks/node_modules_next_dist_1e8vcs8._.js:776
[   87777ms] [LOG] %c[Vercel Web Analytics]%c [view] http://localhost:3000/purchase/expense color: rgb(120, 120, 120) color: inherit {o: http://localhost:3000/purchase/expense, sv: 0.1.3, sdkn: @vercel/analytics/next, sdkv: 2.0.1, ts: 1789449966598} /_vercel/insights/view @ http://localhost:3000/_next/static/chunks/node_modules_next_dist_1e8vcs8._.js:776
[   91335ms] [LOG] %c[Vercel Web Analytics]%c [view] http://localhost:3000/purchase/expense/create?id=EXP-000001-2082%2F83 color: rgb(120, 120, 120) color: inherit {o: http://localhost:3000/purchase/expense/create?id=EXP-000001-2082%2F83, sv: 0.1.3, sdkn: @vercel/analytics/next, sdkv: 2.0.1, ts: 1789449970184} /_vercel/insights/view @ http://localhost:3000/_next/static/chunks/node_modules_next_dist_1e8vcs8._.js:776
[   95080ms] [LOG] %c[Vercel Web Analytics]%c [view] http://localhost:3000/purchase/expense color: rgb(120, 120, 120) color: inherit {o: http://localhost:3000/purchase/expense, sv: 0.1.3, sdkn: @vercel/analytics/next, sdkv: 2.0.1, ts: 1789449973876} /_vercel/insights/view @ http://localhost:3000/_next/static/chunks/node_modules_next_dist_1e8vcs8._.js:776
[   96149ms] [LOG] %c[Vercel Web Analytics]%c [view] http://localhost:3000/purchase/expense/create color: rgb(120, 120, 120) color: inherit {o: http://localhost:3000/purchase/expense/create, sv: 0.1.3, sdkn: @vercel/analytics/next, sdkv: 2.0.1, ts: 1789449974965} /_vercel/insights/view @ http://localhost:3000/_next/static/chunks/node_modules_next_dist_1e8vcs8._.js:776
[   98131ms] [LOG] %c[Vercel Web Analytics]%c [view] http://localhost:3000/purchase/expense color: rgb(120, 120, 120) color: inherit {o: http://localhost:3000/purchase/expense, sv: 0.1.3, sdkn: @vercel/analytics/next, sdkv: 2.0.1, ts: 1789449976958} /_vercel/insights/view @ http://localhost:3000/_next/static/chunks/node_modules_next_dist_1e8vcs8._.js:776
[   99301ms] [LOG] %c[Vercel Web Analytics]%c [view] http://localhost:3000/purchase/payments color: rgb(120, 120, 120) color: inherit {o: http://localhost:3000/purchase/payments, sv: 0.1.3, sdkn: @vercel/analytics/next, sdkv: 2.0.1, ts: 1789449978175} /_vercel/insights/view @ http://localhost:3000/_next/static/chunks/node_modules_next_dist_1e8vcs8._.js:776
[  100164ms] [LOG] %c[Vercel Web Analytics]%c [view] http://localhost:3000/purchase/expense color: rgb(120, 120, 120) color: inherit {o: http://localhost:3000/purchase/expense, sv: 0.1.3, sdkn: @vercel/analytics/next, sdkv: 2.0.1, ts: 1789449978997} /_vercel/insights/view @ http://localhost:3000/_next/static/chunks/node_modules_next_dist_1e8vcs8._.js:776
[  100844ms] [LOG] %c[Vercel Web Analytics]%c [view] http://localhost:3000/purchase/requisition color: rgb(120, 120, 120) color: inherit {o: http://localhost:3000/purchase/requisition, sv: 0.1.3, sdkn: @vercel/analytics/next, sdkv: 2.0.1, ts: 1789449979717} /_vercel/insights/view @ http://localhost:3000/_next/static/chunks/node_modules_next_dist_1e8vcs8._.js:776
[  101873ms] [LOG] %c[Vercel Web Analytics]%c [view] http://localhost:3000/purchase/expense color: rgb(120, 120, 120) color: inherit {o: http://localhost:3000/purchase/expense, sv: 0.1.3, sdkn: @vercel/analytics/next, sdkv: 2.0.1, ts: 1789449980698} /_vercel/insights/view @ http://localhost:3000/_next/static/chunks/node_modules_next_dist_1e8vcs8._.js:776
[ 1298347ms] [LOG] [HMR] connected @ http://localhost:3000/_next/static/chunks/node_modules_next_dist_1e8vcs8._.js:776
[ 1298574ms] [LOG] [Fast Refresh] rebuilding @ http://localhost:3000/_next/static/chunks/node_modules_next_dist_1e8vcs8._.js:776
[ 1298804ms] [LOG] [Fast Refresh] done in 338ms @ http://localhost:3000/_next/static/chunks/node_modules_next_dist_1e8vcs8._.js:776
[ 1387416ms] [LOG] %c[Vercel Web Analytics]%c [view] http://localhost:3000/purchase/requisition color: rgb(120, 120, 120) color: inherit {o: http://localhost:3000/purchase/requisition, sv: 0.1.3, sdkn: @vercel/analytics/next, sdkv: 2.0.1, ts: 1789451266290} /_vercel/insights/view @ http://localhost:3000/_next/static/chunks/node_modules_next_dist_1e8vcs8._.js:776
[ 1552012ms] [LOG] [Fast Refresh] rebuilding @ http://localhost:3000/_next/static/chunks/node_modules_next_dist_1e8vcs8._.js:776
[ 1559652ms] [LOG] [Fast Refresh] done in 7664ms @ http://localhost:3000/_next/static/chunks/node_modules_next_dist_1e8vcs8._.js:776
[ 1559656ms] [LOG] [Fast Refresh] done in 7664ms @ http://localhost:3000/_next/static/chunks/node_modules_next_dist_1e8vcs8._.js:776
[ 1559702ms] [LOG] [Fast Refresh] done in 7664ms @ http://localhost:3000/_next/static/chunks/node_modules_next_dist_1e8vcs8._.js:776
[ 1559733ms] [LOG] [Fast Refresh] done in 7664ms @ http://localhost:3000/_next/static/chunks/node_modules_next_dist_1e8vcs8._.js:776
[ 1663333ms] [LOG] [Fast Refresh] rebuilding @ http://localhost:3000/_next/static/chunks/node_modules_next_dist_1e8vcs8._.js:776
[ 1667269ms] [LOG] [Fast Refresh] done in 3590ms @ http://localhost:3000/_next/static/chunks/node_modules_next_dist_1e8vcs8._.js:776
[ 1667270ms] [LOG] [Fast Refresh] done in 3590ms @ http://localhost:3000/_next/static/chunks/node_modules_next_dist_1e8vcs8._.js:776
[ 1667330ms] [LOG] [Fast Refresh] done in 3590ms @ http://localhost:3000/_next/static/chunks/node_modules_next_dist_1e8vcs8._.js:776
[ 1668115ms] [LOG] [Fast Refresh] rebuilding @ http://localhost:3000/_next/static/chunks/node_modules_next_dist_1e8vcs8._.js:776
[ 1668357ms] [LOG] [Fast Refresh] done in 350ms @ http://localhost:3000/_next/static/chunks/node_modules_next_dist_1e8vcs8._.js:776
[ 1669193ms] [LOG] [Fast Refresh] rebuilding @ http://localhost:3000/_next/static/chunks/node_modules_next_dist_1e8vcs8._.js:776
[ 1669213ms] [LOG] [Fast Refresh] done in 121ms @ http://localhost:3000/_next/static/chunks/node_modules_next_dist_1e8vcs8._.js:776
[ 1669903ms] [LOG] [Fast Refresh] rebuilding @ http://localhost:3000/_next/static/chunks/node_modules_next_dist_1e8vcs8._.js:776
[ 1669935ms] [LOG] [Fast Refresh] done in 145ms @ http://localhost:3000/_next/static/chunks/node_modules_next_dist_1e8vcs8._.js:776
[ 1670489ms] [LOG] [Fast Refresh] rebuilding @ http://localhost:3000/_next/static/chunks/node_modules_next_dist_1e8vcs8._.js:776
[ 1670495ms] [LOG] [Fast Refresh] done in 113ms @ http://localhost:3000/_next/static/chunks/node_modules_next_dist_1e8vcs8._.js:776
[ 1672285ms] [LOG] [Fast Refresh] rebuilding @ http://localhost:3000/_next/static/chunks/node_modules_next_dist_1e8vcs8._.js:776
[ 1672356ms] [LOG] [Fast Refresh] done in 180ms @ http://localhost:3000/_next/static/chunks/node_modules_next_dist_1e8vcs8._.js:776
[ 1990519ms] [LOG] [Fast Refresh] rebuilding @ http://localhost:3000/_next/static/chunks/node_modules_next_dist_1e8vcs8._.js:776
[ 1991767ms] [LOG] [Fast Refresh] done in 1349ms @ http://localhost:3000/_next/static/chunks/node_modules_next_dist_1e8vcs8._.js:776
[ 1991936ms] [INFO] %cDownload the React DevTools for a better development experience: https://react.dev/link/react-devtools font-weight:bold @ http://localhost:3000/_next/static/chunks/node_modules_next_dist_1e8vcs8._.js:776
[ 1991953ms] [LOG] [HMR] connected @ http://localhost:3000/_next/static/chunks/node_modules_next_dist_1e8vcs8._.js:776
[ 1992321ms] [LOG] [Fast Refresh] rebuilding @ http://localhost:3000/_next/static/chunks/node_modules_next_dist_1e8vcs8._.js:776
[ 1992321ms] [LOG] [Fast Refresh] done in 214ms @ http://localhost:3000/_next/static/chunks/node_modules_next_dist_1e8vcs8._.js:776
[ 1992356ms] [LOG] %c[Vercel Web Analytics]%c Debug mode is enabled by default in development. No requests will be sent to the server. color: rgb(120, 120, 120) color: inherit @ http://localhost:3000/_next/static/chunks/node_modules_next_dist_1e8vcs8._.js:776
[ 1992357ms] [LOG] %c[Vercel Web Analytics]%c Running queued event color: rgb(120, 120, 120) color: inherit pageview {route: /purchase/requisition, path: /purchase/requisition} @ http://localhost:3000/_next/static/chunks/node_modules_next_dist_1e8vcs8._.js:776
[ 1992358ms] [LOG] %c[Vercel Web Analytics]%c Running queued event color: rgb(120, 120, 120) color: inherit pageview {route: /purchase/requisition, path: /purchase/requisition} @ http://localhost:3000/_next/static/chunks/node_modules_next_dist_1e8vcs8._.js:776
[ 1992359ms] [LOG] %c[Vercel Web Analytics]%c [view] http://localhost:3000/purchase/requisition color: rgb(120, 120, 120) color: inherit {o: http://localhost:3000/purchase/requisition, sv: 0.1.3, sdkn: @vercel/analytics/next, sdkv: 2.0.1, ts: 1789451871232} /_vercel/insights/view @ http://localhost:3000/_next/static/chunks/node_modules_next_dist_1e8vcs8._.js:776
[ 1992360ms] [LOG] %c[Vercel Web Analytics]%c [view] http://localhost:3000/purchase/requisition color: rgb(120, 120, 120) color: inherit {o: http://localhost:3000/purchase/requisition, sv: 0.1.3, sdkn: @vercel/analytics/next, sdkv: 2.0.1, ts: 1789451871233} /_vercel/insights/view @ http://localhost:3000/_next/static/chunks/node_modules_next_dist_1e8vcs8._.js:776
[ 1993080ms] [LOG] %c[Vercel Web Analytics]%c [view] http://localhost:3000/purchase/expense color: rgb(120, 120, 120) color: inherit {o: http://localhost:3000/purchase/expense, sv: 0.1.3, sdkn: @vercel/analytics/next, sdkv: 2.0.1, ts: 1789451871951} /_vercel/insights/view @ http://localhost:3000/_next/static/chunks/node_modules_next_dist_1e8vcs8._.js:776
[ 1994296ms] [LOG] %c[Vercel Web Analytics]%c [view] http://localhost:3000/purchase/requisition color: rgb(120, 120, 120) color: inherit {o: http://localhost:3000/purchase/requisition, sv: 0.1.3, sdkn: @vercel/analytics/next, sdkv: 2.0.1, ts: 1789451873113} /_vercel/insights/view @ http://localhost:3000/_next/static/chunks/node_modules_next_dist_1e8vcs8._.js:776
[ 1995151ms] [LOG] %c[Vercel Web Analytics]%c [view] http://localhost:3000/purchase/order color: rgb(120, 120, 120) color: inherit {o: http://localhost:3000/purchase/order, sv: 0.1.3, sdkn: @vercel/analytics/next, sdkv: 2.0.1, ts: 1789451873946} /_vercel/insights/view @ http://localhost:3000/_next/static/chunks/node_modules_next_dist_1e8vcs8._.js:776
[ 1996517ms] [LOG] %c[Vercel Web Analytics]%c [view] http://localhost:3000/purchase/requisition color: rgb(120, 120, 120) color: inherit {o: http://localhost:3000/purchase/requisition, sv: 0.1.3, sdkn: @vercel/analytics/next, sdkv: 2.0.1, ts: 1789451875344} /_vercel/insights/view @ http://localhost:3000/_next/static/chunks/node_modules_next_dist_1e8vcs8._.js:776
[ 1998137ms] [LOG] [Fast Refresh] rebuilding @ http://localhost:3000/_next/static/chunks/node_modules_next_dist_1e8vcs8._.js:776
[ 1998298ms] [LOG] [Fast Refresh] done in 262ms @ http://localhost:3000/_next/static/chunks/node_modules_next_dist_1e8vcs8._.js:776
[ 1998507ms] [LOG] %c[Vercel Web Analytics]%c [view] http://localhost:3000/purchase/payments color: rgb(120, 120, 120) color: inherit {o: http://localhost:3000/purchase/payments, sv: 0.1.3, sdkn: @vercel/analytics/next, sdkv: 2.0.1, ts: 1789451877381} /_vercel/insights/view @ http://localhost:3000/_next/static/chunks/node_modules_next_dist_1e8vcs8._.js:776
[ 1999632ms] [LOG] %c[Vercel Web Analytics]%c [view] http://localhost:3000/purchase/expense color: rgb(120, 120, 120) color: inherit {o: http://localhost:3000/purchase/expense, sv: 0.1.3, sdkn: @vercel/analytics/next, sdkv: 2.0.1, ts: 1789451878506} /_vercel/insights/view @ http://localhost:3000/_next/static/chunks/node_modules_next_dist_1e8vcs8._.js:776
[ 2000850ms] [LOG] %c[Vercel Web Analytics]%c [view] http://localhost:3000/purchase/requisition color: rgb(120, 120, 120) color: inherit {o: http://localhost:3000/purchase/requisition, sv: 0.1.3, sdkn: @vercel/analytics/next, sdkv: 2.0.1, ts: 1789451879654} /_vercel/insights/view @ http://localhost:3000/_next/static/chunks/node_modules_next_dist_1e8vcs8._.js:776
[ 2065559ms] [LOG] %c[Vercel Web Analytics]%c [view] http://localhost:3000/purchase/expense color: rgb(120, 120, 120) color: inherit {o: http://localhost:3000/purchase/expense, sv: 0.1.3, sdkn: @vercel/analytics/next, sdkv: 2.0.1, ts: 1789451944433} /_vercel/insights/view @ http://localhost:3000/_next/static/chunks/node_modules_next_dist_1e8vcs8._.js:776
[ 2067509ms] [INFO] %cDownload the React DevTools for a better development experience: https://react.dev/link/react-devtools font-weight:bold @ http://localhost:3000/_next/static/chunks/node_modules_next_dist_1e8vcs8._.js:776
[ 2067540ms] [LOG] [HMR] connected @ http://localhost:3000/_next/static/chunks/node_modules_next_dist_1e8vcs8._.js:776
[ 2067839ms] [LOG] [Fast Refresh] rebuilding @ http://localhost:3000/_next/static/chunks/node_modules_next_dist_1e8vcs8._.js:776
[ 2067856ms] [LOG] %c[Vercel Web Analytics]%c Debug mode is enabled by default in development. No requests will be sent to the server. color: rgb(120, 120, 120) color: inherit @ http://localhost:3000/_next/static/chunks/node_modules_next_dist_1e8vcs8._.js:776
[ 2067856ms] [LOG] %c[Vercel Web Analytics]%c Running queued event color: rgb(120, 120, 120) color: inherit pageview {route: /purchase/expense, path: /purchase/expense} @ http://localhost:3000/_next/static/chunks/node_modules_next_dist_1e8vcs8._.js:776
[ 2067857ms] [LOG] %c[Vercel Web Analytics]%c Running queued event color: rgb(120, 120, 120) color: inherit pageview {route: /purchase/expense, path: /purchase/expense} @ http://localhost:3000/_next/static/chunks/node_modules_next_dist_1e8vcs8._.js:776
[ 2067857ms] [LOG] %c[Vercel Web Analytics]%c [view] http://localhost:3000/purchase/expense color: rgb(120, 120, 120) color: inherit {o: http://localhost:3000/purchase/expense, sv: 0.1.3, sdkn: @vercel/analytics/next, sdkv: 2.0.1, ts: 1789451946731} /_vercel/insights/view @ http://localhost:3000/_next/static/chunks/node_modules_next_dist_1e8vcs8._.js:776
[ 2067857ms] [LOG] %c[Vercel Web Analytics]%c [view] http://localhost:3000/purchase/expense color: rgb(120, 120, 120) color: inherit {o: http://localhost:3000/purchase/expense, sv: 0.1.3, sdkn: @vercel/analytics/next, sdkv: 2.0.1, ts: 1789451946731} /_vercel/insights/view @ http://localhost:3000/_next/static/chunks/node_modules_next_dist_1e8vcs8._.js:776
[ 2068119ms] [LOG] [Fast Refresh] done in 433ms @ http://localhost:3000/_next/static/chunks/node_modules_next_dist_1e8vcs8._.js:776
[ 2070192ms] [LOG] %c[Vercel Web Analytics]%c [view] http://localhost:3000/purchase/requisition color: rgb(120, 120, 120) color: inherit {o: http://localhost:3000/purchase/requisition, sv: 0.1.3, sdkn: @vercel/analytics/next, sdkv: 2.0.1, ts: 1789451949029} /_vercel/insights/view @ http://localhost:3000/_next/static/chunks/node_modules_next_dist_1e8vcs8._.js:776
[ 2071056ms] [LOG] %c[Vercel Web Analytics]%c [view] http://localhost:3000/purchase/expense color: rgb(120, 120, 120) color: inherit {o: http://localhost:3000/purchase/expense, sv: 0.1.3, sdkn: @vercel/analytics/next, sdkv: 2.0.1, ts: 1789451949930} /_vercel/insights/view @ http://localhost:3000/_next/static/chunks/node_modules_next_dist_1e8vcs8._.js:776
[ 2109315ms] [LOG] %c[Vercel Web Analytics]%c [view] http://localhost:3000/purchase/requisition color: rgb(120, 120, 120) color: inherit {o: http://localhost:3000/purchase/requisition, sv: 0.1.3, sdkn: @vercel/analytics/next, sdkv: 2.0.1, ts: 1789451988159} /_vercel/insights/view @ http://localhost:3000/_next/static/chunks/node_modules_next_dist_1e8vcs8._.js:776
[ 2109886ms] [LOG] %c[Vercel Web Analytics]%c [view] http://localhost:3000/purchase/order color: rgb(120, 120, 120) color: inherit {o: http://localhost:3000/purchase/order, sv: 0.1.3, sdkn: @vercel/analytics/next, sdkv: 2.0.1, ts: 1789451988695} /_vercel/insights/view @ http://localhost:3000/_next/static/chunks/node_modules_next_dist_1e8vcs8._.js:776
[ 2111023ms] [LOG] %c[Vercel Web Analytics]%c [view] http://localhost:3000/purchase/expense color: rgb(120, 120, 120) color: inherit {o: http://localhost:3000/purchase/expense, sv: 0.1.3, sdkn: @vercel/analytics/next, sdkv: 2.0.1, ts: 1789451989897} /_vercel/insights/view @ http://localhost:3000/_next/static/chunks/node_modules_next_dist_1e8vcs8._.js:776
[ 2575715ms] [LOG] %c[Vercel Web Analytics]%c [view] http://localhost:3000/purchase/requisition color: rgb(120, 120, 120) color: inherit {o: http://localhost:3000/purchase/requisition, sv: 0.1.3, sdkn: @vercel/analytics/next, sdkv: 2.0.1, ts: 1789452454548} /_vercel/insights/view @ http://localhost:3000/_next/static/chunks/node_modules_next_dist_1e8vcs8._.js:776
[ 2578928ms] [LOG] %c[Vercel Web Analytics]%c [view] http://localhost:3000/purchase/requisition/create color: rgb(120, 120, 120) color: inherit {o: http://localhost:3000/purchase/requisition/create, sv: 0.1.3, sdkn: @vercel/analytics/next, sdkv: 2.0.1, ts: 1789452457765} /_vercel/insights/view @ http://localhost:3000/_next/static/chunks/node_modules_next_dist_1e8vcs8._.js:776
[ 2581685ms] [INFO] %cDownload the React DevTools for a better development experience: https://react.dev/link/react-devtools font-weight:bold @ http://localhost:3000/_next/static/chunks/node_modules_next_dist_1e8vcs8._.js:776
[ 2581720ms] [LOG] [HMR] connected @ http://localhost:3000/_next/static/chunks/node_modules_next_dist_1e8vcs8._.js:776
[ 2581936ms] [LOG] %c[Vercel Web Analytics]%c Debug mode is enabled by default in development. No requests will be sent to the server. color: rgb(120, 120, 120) color: inherit @ http://localhost:3000/_next/static/chunks/node_modules_next_dist_1e8vcs8._.js:776
[ 2581936ms] [LOG] %c[Vercel Web Analytics]%c Running queued event color: rgb(120, 120, 120) color: inherit pageview {route: /purchase/requisition/create, path: /purchase/requisition/create} @ http://localhost:3000/_next/static/chunks/node_modules_next_dist_1e8vcs8._.js:776
[ 2581936ms] [LOG] %c[Vercel Web Analytics]%c Running queued event color: rgb(120, 120, 120) color: inherit pageview {route: /purchase/requisition/create, path: /purchase/requisition/create} @ http://localhost:3000/_next/static/chunks/node_modules_next_dist_1e8vcs8._.js:776
[ 2581936ms] [LOG] %c[Vercel Web Analytics]%c [view] http://localhost:3000/purchase/requisition/create color: rgb(120, 120, 120) color: inherit {o: http://localhost:3000/purchase/requisition/create, sv: 0.1.3, sdkn: @vercel/analytics/next, sdkv: 2.0.1, ts: 1789452460811} /_vercel/insights/view @ http://localhost:3000/_next/static/chunks/node_modules_next_dist_1e8vcs8._.js:776
[ 2581937ms] [LOG] %c[Vercel Web Analytics]%c [view] http://localhost:3000/purchase/requisition/create color: rgb(120, 120, 120) color: inherit {o: http://localhost:3000/purchase/requisition/create, sv: 0.1.3, sdkn: @vercel/analytics/next, sdkv: 2.0.1, ts: 1789452460811} /_vercel/insights/view @ http://localhost:3000/_next/static/chunks/node_modules_next_dist_1e8vcs8._.js:776
[ 2664953ms] [LOG] %c[Vercel Web Analytics]%c [view] http://localhost:3000/purchase/order color: rgb(120, 120, 120) color: inherit {o: http://localhost:3000/purchase/order, sv: 0.1.3, sdkn: @vercel/analytics/next, sdkv: 2.0.1, ts: 1789452543769} /_vercel/insights/view @ http://localhost:3000/_next/static/chunks/node_modules_next_dist_1e8vcs8._.js:776
[ 2666769ms] [LOG] %c[Vercel Web Analytics]%c [view] http://localhost:3000/purchase/order/create color: rgb(120, 120, 120) color: inherit {o: http://localhost:3000/purchase/order/create, sv: 0.1.3, sdkn: @vercel/analytics/next, sdkv: 2.0.1, ts: 1789452545520} /_vercel/insights/view @ http://localhost:3000/_next/static/chunks/node_modules_next_dist_1e8vcs8._.js:776
[ 2668882ms] [INFO] %cDownload the React DevTools for a better development experience: https://react.dev/link/react-devtools font-weight:bold @ http://localhost:3000/_next/static/chunks/node_modules_next_dist_1e8vcs8._.js:776
[ 2668934ms] [LOG] [HMR] connected @ http://localhost:3000/_next/static/chunks/node_modules_next_dist_1e8vcs8._.js:776
[ 2669200ms] [LOG] %c[Vercel Web Analytics]%c Debug mode is enabled by default in development. No requests will be sent to the server. color: rgb(120, 120, 120) color: inherit @ http://localhost:3000/_next/static/chunks/node_modules_next_dist_1e8vcs8._.js:776
[ 2669200ms] [LOG] %c[Vercel Web Analytics]%c Running queued event color: rgb(120, 120, 120) color: inherit pageview {route: /purchase/order/create, path: /purchase/order/create} @ http://localhost:3000/_next/static/chunks/node_modules_next_dist_1e8vcs8._.js:776
[ 2669200ms] [LOG] %c[Vercel Web Analytics]%c Running queued event color: rgb(120, 120, 120) color: inherit pageview {route: /purchase/order/create, path: /purchase/order/create} @ http://localhost:3000/_next/static/chunks/node_modules_next_dist_1e8vcs8._.js:776
[ 2669200ms] [LOG] %c[Vercel Web Analytics]%c [view] http://localhost:3000/purchase/order/create color: rgb(120, 120, 120) color: inherit {o: http://localhost:3000/purchase/order/create, sv: 0.1.3, sdkn: @vercel/analytics/next, sdkv: 2.0.1, ts: 1789452548074} /_vercel/insights/view @ http://localhost:3000/_next/static/chunks/node_modules_next_dist_1e8vcs8._.js:776
[ 2669200ms] [LOG] %c[Vercel Web Analytics]%c [view] http://localhost:3000/purchase/order/create color: rgb(120, 120, 120) color: inherit {o: http://localhost:3000/purchase/order/create, sv: 0.1.3, sdkn: @vercel/analytics/next, sdkv: 2.0.1, ts: 1789452548074} /_vercel/insights/view @ http://localhost:3000/_next/static/chunks/node_modules_next_dist_1e8vcs8._.js:776
[ 2691090ms] [LOG] [Fast Refresh] rebuilding @ http://localhost:3000/_next/static/chunks/node_modules_next_dist_1e8vcs8._.js:776
[ 2691697ms] [LOG] [Fast Refresh] done in 643ms @ http://localhost:3000/_next/static/chunks/node_modules_next_dist_1e8vcs8._.js:776
[ 2696470ms] [LOG] [Fast Refresh] rebuilding @ http://localhost:3000/_next/static/chunks/node_modules_next_dist_1e8vcs8._.js:776
[ 2696859ms] [LOG] [Fast Refresh] done in 383ms @ http://localhost:3000/_next/static/chunks/node_modules_next_dist_1e8vcs8._.js:776
[ 2704232ms] [LOG] [Fast Refresh] rebuilding @ http://localhost:3000/_next/static/chunks/node_modules_next_dist_1e8vcs8._.js:776
[ 2704395ms] [LOG] [Fast Refresh] done in 187ms @ http://localhost:3000/_next/static/chunks/node_modules_next_dist_1e8vcs8._.js:776
[ 2705299ms] [LOG] %c[Vercel Web Analytics]%c [view] http://localhost:3000/purchase/expense color: rgb(120, 120, 120) color: inherit {o: http://localhost:3000/purchase/expense, sv: 0.1.3, sdkn: @vercel/analytics/next, sdkv: 2.0.1, ts: 1789452584173} /_vercel/insights/view @ http://localhost:3000/_next/static/chunks/node_modules_next_dist_1e8vcs8._.js:776
[ 2737731ms] [LOG] [Fast Refresh] rebuilding @ http://localhost:3000/_next/static/chunks/node_modules_next_dist_1e8vcs8._.js:776
[ 2738265ms] [LOG] [Fast Refresh] done in 570ms @ http://localhost:3000/_next/static/chunks/node_modules_next_dist_1e8vcs8._.js:776
[ 2738372ms] [LOG] [Fast Refresh] done in 570ms @ http://localhost:3000/_next/static/chunks/node_modules_next_dist_1e8vcs8._.js:776
[ 2738383ms] [LOG] [Fast Refresh] done in 570ms @ http://localhost:3000/_next/static/chunks/node_modules_next_dist_1e8vcs8._.js:776
[ 2738471ms] [LOG] [Fast Refresh] done in 570ms @ http://localhost:3000/_next/static/chunks/node_modules_next_dist_1e8vcs8._.js:776
[ 2738578ms] [LOG] [Fast Refresh] done in 570ms @ http://localhost:3000/_next/static/chunks/node_modules_next_dist_1e8vcs8._.js:776
[ 2738692ms] [LOG] [Fast Refresh] done in 570ms @ http://localhost:3000/_next/static/chunks/node_modules_next_dist_1e8vcs8._.js:776
[ 2738789ms] [LOG] [Fast Refresh] done in 570ms @ http://localhost:3000/_next/static/chunks/node_modules_next_dist_1e8vcs8._.js:776
[ 2816949ms] [LOG] %c[Vercel Web Analytics]%c [view] http://localhost:3000/purchase/requisition color: rgb(120, 120, 120) color: inherit {o: http://localhost:3000/purchase/requisition, sv: 0.1.3, sdkn: @vercel/analytics/next, sdkv: 2.0.1, ts: 1789452695772} /_vercel/insights/view @ http://localhost:3000/_next/static/chunks/node_modules_next_dist_1e8vcs8._.js:776
[ 2823473ms] [LOG] [Fast Refresh] rebuilding @ http://localhost:3000/_next/static/chunks/node_modules_next_dist_1e8vcs8._.js:776
[ 2824631ms] [LOG] [Fast Refresh] done in 1245ms @ http://localhost:3000/_next/static/chunks/node_modules_next_dist_1e8vcs8._.js:776
[ 2825283ms] [LOG] [Fast Refresh] done in 1908ms @ http://localhost:3000/_next/static/chunks/node_modules_next_dist_1e8vcs8._.js:776
[ 2825284ms] [LOG] [Fast Refresh] done in 1908ms @ http://localhost:3000/_next/static/chunks/node_modules_next_dist_1e8vcs8._.js:776
[ 2825284ms] [LOG] [Fast Refresh] done in 1908ms @ http://localhost:3000/_next/static/chunks/node_modules_next_dist_1e8vcs8._.js:776
[ 2825288ms] [LOG] [Fast Refresh] done in 1908ms @ http://localhost:3000/_next/static/chunks/node_modules_next_dist_1e8vcs8._.js:776
[ 2825289ms] [LOG] [Fast Refresh] done in 1908ms @ http://localhost:3000/_next/static/chunks/node_modules_next_dist_1e8vcs8._.js:776
[ 2825291ms] [LOG] [Fast Refresh] done in 1908ms @ http://localhost:3000/_next/static/chunks/node_modules_next_dist_1e8vcs8._.js:776
[ 2825334ms] [LOG] [Fast Refresh] done in 1908ms @ http://localhost:3000/_next/static/chunks/node_modules_next_dist_1e8vcs8._.js:776
[ 2826669ms] [LOG] [Fast Refresh] rebuilding @ http://localhost:3000/_next/static/chunks/node_modules_next_dist_1e8vcs8._.js:776
[ 2826796ms] [LOG] [Fast Refresh] done in 235ms @ http://localhost:3000/_next/static/chunks/node_modules_next_dist_1e8vcs8._.js:776
[ 2916944ms] [INFO] %cDownload the React DevTools for a better development experience: https://react.dev/link/react-devtools font-weight:bold @ http://localhost:3000/_next/static/chunks/node_modules_next_dist_1e8vcs8._.js:776
[ 2916992ms] [LOG] [HMR] connected @ http://localhost:3000/_next/static/chunks/node_modules_next_dist_1e8vcs8._.js:776
[ 2917508ms] [LOG] %c[Vercel Web Analytics]%c Debug mode is enabled by default in development. No requests will be sent to the server. color: rgb(120, 120, 120) color: inherit @ http://localhost:3000/_next/static/chunks/node_modules_next_dist_1e8vcs8._.js:776
[ 2917508ms] [LOG] %c[Vercel Web Analytics]%c Running queued event color: rgb(120, 120, 120) color: inherit pageview {route: /purchase/requisition, path: /purchase/requisition} @ http://localhost:3000/_next/static/chunks/node_modules_next_dist_1e8vcs8._.js:776
[ 2917508ms] [LOG] %c[Vercel Web Analytics]%c Running queued event color: rgb(120, 120, 120) color: inherit pageview {route: /purchase/requisition, path: /purchase/requisition} @ http://localhost:3000/_next/static/chunks/node_modules_next_dist_1e8vcs8._.js:776
[ 2917508ms] [LOG] %c[Vercel Web Analytics]%c [view] http://localhost:3000/purchase/requisition color: rgb(120, 120, 120) color: inherit {o: http://localhost:3000/purchase/requisition, sv: 0.1.3, sdkn: @vercel/analytics/next, sdkv: 2.0.1, ts: 1789452796382} /_vercel/insights/view @ http://localhost:3000/_next/static/chunks/node_modules_next_dist_1e8vcs8._.js:776
[ 2917508ms] [LOG] %c[Vercel Web Analytics]%c [view] http://localhost:3000/purchase/requisition color: rgb(120, 120, 120) color: inherit {o: http://localhost:3000/purchase/requisition, sv: 0.1.3, sdkn: @vercel/analytics/next, sdkv: 2.0.1, ts: 1789452796382} /_vercel/insights/view @ http://localhost:3000/_next/static/chunks/node_modules_next_dist_1e8vcs8._.js:776
[ 2918710ms] [LOG] %c[Vercel Web Analytics]%c [view] http://localhost:3000/purchase/requisition/create color: rgb(120, 120, 120) color: inherit {o: http://localhost:3000/purchase/requisition/create, sv: 0.1.3, sdkn: @vercel/analytics/next, sdkv: 2.0.1, ts: 1789452797531} /_vercel/insights/view @ http://localhost:3000/_next/static/chunks/node_modules_next_dist_1e8vcs8._.js:776
[ 2940269ms] [LOG] %c[Vercel Web Analytics]%c [view] http://localhost:3000/purchase/order color: rgb(120, 120, 120) color: inherit {o: http://localhost:3000/purchase/order, sv: 0.1.3, sdkn: @vercel/analytics/next, sdkv: 2.0.1, ts: 1789452819100} /_vercel/insights/view @ http://localhost:3000/_next/static/chunks/node_modules_next_dist_1e8vcs8._.js:776
[ 2941600ms] [LOG] %c[Vercel Web Analytics]%c [view] http://localhost:3000/purchase/order/create color: rgb(120, 120, 120) color: inherit {o: http://localhost:3000/purchase/order/create, sv: 0.1.3, sdkn: @vercel/analytics/next, sdkv: 2.0.1, ts: 1789452820418} /_vercel/insights/view @ http://localhost:3000/_next/static/chunks/node_modules_next_dist_1e8vcs8._.js:776
[ 3035526ms] [LOG] [Fast Refresh] rebuilding @ http://localhost:3000/_next/static/chunks/node_modules_next_dist_1e8vcs8._.js:776
[ 3036033ms] [LOG] [Fast Refresh] done in 479ms @ http://localhost:3000/_next/static/chunks/node_modules_next_dist_1e8vcs8._.js:776
[ 3036118ms] [LOG] [Fast Refresh] done in 479ms @ http://localhost:3000/_next/static/chunks/node_modules_next_dist_1e8vcs8._.js:776
[ 3036204ms] [LOG] [Fast Refresh] done in 479ms @ http://localhost:3000/_next/static/chunks/node_modules_next_dist_1e8vcs8._.js:776
[ 3036259ms] [LOG] [Fast Refresh] done in 479ms @ http://localhost:3000/_next/static/chunks/node_modules_next_dist_1e8vcs8._.js:776
[ 3036355ms] [LOG] [Fast Refresh] done in 479ms @ http://localhost:3000/_next/static/chunks/node_modules_next_dist_1e8vcs8._.js:776
[ 3040704ms] [LOG] [Fast Refresh] rebuilding @ http://localhost:3000/_next/static/chunks/node_modules_next_dist_1e8vcs8._.js:776
[ 3041531ms] [LOG] [Fast Refresh] done in 817ms @ http://localhost:3000/_next/static/chunks/node_modules_next_dist_1e8vcs8._.js:776
[ 3046110ms] [LOG] [Fast Refresh] rebuilding @ http://localhost:3000/_next/static/chunks/node_modules_next_dist_1e8vcs8._.js:776
[ 3046825ms] [LOG] [Fast Refresh] done in 690ms @ http://localhost:3000/_next/static/chunks/node_modules_next_dist_1e8vcs8._.js:776
[ 3046943ms] [LOG] [Fast Refresh] done in 690ms @ http://localhost:3000/_next/static/chunks/node_modules_next_dist_1e8vcs8._.js:776
[ 3047019ms] [LOG] [Fast Refresh] done in 690ms @ http://localhost:3000/_next/static/chunks/node_modules_next_dist_1e8vcs8._.js:776
[ 3047096ms] [LOG] [Fast Refresh] done in 690ms @ http://localhost:3000/_next/static/chunks/node_modules_next_dist_1e8vcs8._.js:776
[ 3100821ms] [LOG] [Fast Refresh] rebuilding @ http://localhost:3000/_next/static/chunks/node_modules_next_dist_1e8vcs8._.js:776
[ 3101773ms] [LOG] [Fast Refresh] done in 1025ms @ http://localhost:3000/_next/static/chunks/node_modules_next_dist_1e8vcs8._.js:776
[ 3192604ms] [LOG] [Fast Refresh] rebuilding @ http://localhost:3000/_next/static/chunks/node_modules_next_dist_1e8vcs8._.js:776
[ 3193111ms] [LOG] [Fast Refresh] done in 608ms @ http://localhost:3000/_next/static/chunks/node_modules_next_dist_1e8vcs8._.js:776
[ 3193226ms] [INFO] %cDownload the React DevTools for a better development experience: https://react.dev/link/react-devtools font-weight:bold @ http://localhost:3000/_next/static/chunks/node_modules_next_dist_1e8vcs8._.js:776
[ 3193284ms] [LOG] [HMR] connected @ http://localhost:3000/_next/static/chunks/node_modules_next_dist_1e8vcs8._.js:776
[ 3193539ms] [LOG] [Fast Refresh] rebuilding @ http://localhost:3000/_next/static/chunks/node_modules_next_dist_1e8vcs8._.js:776
[ 3193749ms] [LOG] %c[Vercel Web Analytics]%c Debug mode is enabled by default in development. No requests will be sent to the server. color: rgb(120, 120, 120) color: inherit @ http://localhost:3000/_next/static/chunks/node_modules_next_dist_1e8vcs8._.js:776
[ 3193749ms] [LOG] %c[Vercel Web Analytics]%c Running queued event color: rgb(120, 120, 120) color: inherit pageview {route: /purchase/order/create, path: /purchase/order/create} @ http://localhost:3000/_next/static/chunks/node_modules_next_dist_1e8vcs8._.js:776
[ 3193749ms] [LOG] %c[Vercel Web Analytics]%c Running queued event color: rgb(120, 120, 120) color: inherit pageview {route: /purchase/order/create, path: /purchase/order/create} @ http://localhost:3000/_next/static/chunks/node_modules_next_dist_1e8vcs8._.js:776
[ 3193749ms] [LOG] %c[Vercel Web Analytics]%c [view] http://localhost:3000/purchase/order/create color: rgb(120, 120, 120) color: inherit {o: http://localhost:3000/purchase/order/create, sv: 0.1.3, sdkn: @vercel/analytics/next, sdkv: 2.0.1, ts: 1789453072623} /_vercel/insights/view @ http://localhost:3000/_next/static/chunks/node_modules_next_dist_1e8vcs8._.js:776
[ 3193749ms] [LOG] %c[Vercel Web Analytics]%c [view] http://localhost:3000/purchase/order/create color: rgb(120, 120, 120) color: inherit {o: http://localhost:3000/purchase/order/create, sv: 0.1.3, sdkn: @vercel/analytics/next, sdkv: 2.0.1, ts: 1789453072624} /_vercel/insights/view @ http://localhost:3000/_next/static/chunks/node_modules_next_dist_1e8vcs8._.js:776
[ 3193764ms] [LOG] [Fast Refresh] done in 349ms @ http://localhost:3000/_next/static/chunks/node_modules_next_dist_1e8vcs8._.js:776
[ 3280760ms] [LOG] [Fast Refresh] rebuilding @ http://localhost:3000/_next/static/chunks/node_modules_next_dist_1e8vcs8._.js:776
[ 3281636ms] [LOG] [Fast Refresh] done in 980ms @ http://localhost:3000/_next/static/chunks/node_modules_next_dist_1e8vcs8._.js:776
[ 3318818ms] [INFO] %cDownload the React DevTools for a better development experience: https://react.dev/link/react-devtools font-weight:bold @ http://localhost:3000/_next/static/chunks/node_modules_next_dist_1e8vcs8._.js:776
[ 3318843ms] [LOG] [HMR] connected @ http://localhost:3000/_next/static/chunks/node_modules_next_dist_1e8vcs8._.js:776
[ 3319144ms] [LOG] %c[Vercel Web Analytics]%c Debug mode is enabled by default in development. No requests will be sent to the server. color: rgb(120, 120, 120) color: inherit @ http://localhost:3000/_next/static/chunks/node_modules_next_dist_1e8vcs8._.js:776
[ 3319146ms] [LOG] %c[Vercel Web Analytics]%c Running queued event color: rgb(120, 120, 120) color: inherit pageview {route: /purchase/order/create, path: /purchase/order/create} @ http://localhost:3000/_next/static/chunks/node_modules_next_dist_1e8vcs8._.js:776
[ 3319148ms] [LOG] %c[Vercel Web Analytics]%c Running queued event color: rgb(120, 120, 120) color: inherit pageview {route: /purchase/order/create, path: /purchase/order/create} @ http://localhost:3000/_next/static/chunks/node_modules_next_dist_1e8vcs8._.js:776
[ 3319150ms] [LOG] %c[Vercel Web Analytics]%c [view] http://localhost:3000/purchase/order/create color: rgb(120, 120, 120) color: inherit {o: http://localhost:3000/purchase/order/create, sv: 0.1.3, sdkn: @vercel/analytics/next, sdkv: 2.0.1, ts: 1789453198022} /_vercel/insights/view @ http://localhost:3000/_next/static/chunks/node_modules_next_dist_1e8vcs8._.js:776
[ 3319151ms] [LOG] %c[Vercel Web Analytics]%c [view] http://localhost:3000/purchase/order/create color: rgb(120, 120, 120) color: inherit {o: http://localhost:3000/purchase/order/create, sv: 0.1.3, sdkn: @vercel/analytics/next, sdkv: 2.0.1, ts: 1789453198024} /_vercel/insights/view @ http://localhost:3000/_next/static/chunks/node_modules_next_dist_1e8vcs8._.js:776
[ 3320779ms] [LOG] %c[Vercel Web Analytics]%c [view] http://localhost:3000/purchase/requisition color: rgb(120, 120, 120) color: inherit {o: http://localhost:3000/purchase/requisition, sv: 0.1.3, sdkn: @vercel/analytics/next, sdkv: 2.0.1, ts: 1789453199609} /_vercel/insights/view @ http://localhost:3000/_next/static/chunks/node_modules_next_dist_1e8vcs8._.js:776
[ 3322473ms] [LOG] %c[Vercel Web Analytics]%c [view] http://localhost:3000/purchase/requisition/create color: rgb(120, 120, 120) color: inherit {o: http://localhost:3000/purchase/requisition/create, sv: 0.1.3, sdkn: @vercel/analytics/next, sdkv: 2.0.1, ts: 1789453201280} /_vercel/insights/view @ http://localhost:3000/_next/static/chunks/node_modules_next_dist_1e8vcs8._.js:776
[ 3327099ms] [INFO] %cDownload the React DevTools for a better development experience: https://react.dev/link/react-devtools font-weight:bold @ http://localhost:3000/_next/static/chunks/node_modules_next_dist_1e8vcs8._.js:776
[ 3327125ms] [LOG] [HMR] connected @ http://localhost:3000/_next/static/chunks/node_modules_next_dist_1e8vcs8._.js:776
[ 3327362ms] [LOG] %c[Vercel Web Analytics]%c Debug mode is enabled by default in development. No requests will be sent to the server. color: rgb(120, 120, 120) color: inherit @ http://localhost:3000/_next/static/chunks/node_modules_next_dist_1e8vcs8._.js:776
[ 3327362ms] [LOG] %c[Vercel Web Analytics]%c Running queued event color: rgb(120, 120, 120) color: inherit pageview {route: /purchase/requisition/create, path: /purchase/requisition/create} @ http://localhost:3000/_next/static/chunks/node_modules_next_dist_1e8vcs8._.js:776
[ 3327362ms] [LOG] %c[Vercel Web Analytics]%c Running queued event color: rgb(120, 120, 120) color: inherit pageview {route: /purchase/requisition/create, path: /purchase/requisition/create} @ http://localhost:3000/_next/static/chunks/node_modules_next_dist_1e8vcs8._.js:776
[ 3327362ms] [LOG] %c[Vercel Web Analytics]%c [view] http://localhost:3000/purchase/requisition/create color: rgb(120, 120, 120) color: inherit {o: http://localhost:3000/purchase/requisition/create, sv: 0.1.3, sdkn: @vercel/analytics/next, sdkv: 2.0.1, ts: 1789453206237} /_vercel/insights/view @ http://localhost:3000/_next/static/chunks/node_modules_next_dist_1e8vcs8._.js:776
[ 3327362ms] [LOG] %c[Vercel Web Analytics]%c [view] http://localhost:3000/purchase/requisition/create color: rgb(120, 120, 120) color: inherit {o: http://localhost:3000/purchase/requisition/create, sv: 0.1.3, sdkn: @vercel/analytics/next, sdkv: 2.0.1, ts: 1789453206237} /_vercel/insights/view @ http://localhost:3000/_next/static/chunks/node_modules_next_dist_1e8vcs8._.js:776
[ 3374744ms] [LOG] [Fast Refresh] rebuilding @ http://localhost:3000/_next/static/chunks/node_modules_next_dist_1e8vcs8._.js:776
[ 3375350ms] [LOG] [Fast Refresh] done in 502ms @ http://localhost:3000/_next/static/chunks/node_modules_next_dist_1e8vcs8._.js:776
[ 3375365ms] [LOG] [Fast Refresh] done in 502ms @ http://localhost:3000/_next/static/chunks/node_modules_next_dist_1e8vcs8._.js:776
[ 3375460ms] [LOG] [Fast Refresh] done in 502ms @ http://localhost:3000/_next/static/chunks/node_modules_next_dist_1e8vcs8._.js:776
[ 3417048ms] [INFO] %cDownload the React DevTools for a better development experience: https://react.dev/link/react-devtools font-weight:bold @ http://localhost:3000/_next/static/chunks/node_modules_next_dist_1e8vcs8._.js:776
[ 3417078ms] [LOG] [HMR] connected @ http://localhost:3000/_next/static/chunks/node_modules_next_dist_1e8vcs8._.js:776
[ 3417381ms] [LOG] %c[Vercel Web Analytics]%c Debug mode is enabled by default in development. No requests will be sent to the server. color: rgb(120, 120, 120) color: inherit @ http://localhost:3000/_next/static/chunks/node_modules_next_dist_1e8vcs8._.js:776
[ 3417381ms] [LOG] %c[Vercel Web Analytics]%c Running queued event color: rgb(120, 120, 120) color: inherit pageview {route: /purchase/requisition/create, path: /purchase/requisition/create} @ http://localhost:3000/_next/static/chunks/node_modules_next_dist_1e8vcs8._.js:776
[ 3417382ms] [LOG] %c[Vercel Web Analytics]%c Running queued event color: rgb(120, 120, 120) color: inherit pageview {route: /purchase/requisition/create, path: /purchase/requisition/create} @ http://localhost:3000/_next/static/chunks/node_modules_next_dist_1e8vcs8._.js:776
[ 3417382ms] [LOG] %c[Vercel Web Analytics]%c [view] http://localhost:3000/purchase/requisition/create color: rgb(120, 120, 120) color: inherit {o: http://localhost:3000/purchase/requisition/create, sv: 0.1.3, sdkn: @vercel/analytics/next, sdkv: 2.0.1, ts: 1789453296256} /_vercel/insights/view @ http://localhost:3000/_next/static/chunks/node_modules_next_dist_1e8vcs8._.js:776
[ 3417382ms] [LOG] %c[Vercel Web Analytics]%c [view] http://localhost:3000/purchase/requisition/create color: rgb(120, 120, 120) color: inherit {o: http://localhost:3000/purchase/requisition/create, sv: 0.1.3, sdkn: @vercel/analytics/next, sdkv: 2.0.1, ts: 1789453296256} /_vercel/insights/view @ http://localhost:3000/_next/static/chunks/node_modules_next_dist_1e8vcs8._.js:776
